==== Sat Oct 11 08:50:20 +03 2025 ====
nohup: ./Run_L3_SO.command: No such file or directory
==== Sat Oct 11 08:50:21 +03 2025 ====
nohup: ./Run_L3_SO.command: No such file or directory
Traceback (most recent call last):
  File "/Users/alperenogras/Desktop/L3_SO_ANALYSIS/l3_vfa_pma_gui.py", line 14, in <module>
    import l3_vfa_pma_core_v3_7 as core
  File "/Users/alperenogras/Desktop/L3_SO_ANALYSIS/l3_vfa_pma_core_v3_7.py", line 1349
    return res, overlayusr/bin/env python3
                                   ^^^^^^^
SyntaxError: invalid syntax
Traceback (most recent call last):
  File "/Users/alperenogras/Desktop/L3_SO_ANALYSIS/l3_vfa_pma_gui.py", line 14, in <module>
    import l3_vfa_pma_core_v3_7 as core
  File "/Users/alperenogras/Desktop/L3_SO_ANALYSIS/l3_vfa_pma_core_v3_7.py", line 2023
    return res, overlayusr/bin/env python3
                                   ^^^^^^^
SyntaxError: invalid syntax
Traceback (most recent call last):
  File "/Users/alperenogras/Desktop/L3_SO_ANALYSIS/l3_vfa_pma_gui.py", line 14, in <module>
    import l3_vfa_pma_core_v3_7 as core
  File "/Users/alperenogras/Desktop/L3_SO_ANALYSIS/l3_vfa_pma_core_v3_7.py", line 2017
    return res, overlayusr/bin/env python3
                                   ^^^^^^^
SyntaxError: invalid syntax
Traceback (most recent call last):
  File "/Users/alperenogras/Desktop/L3_SO_ANALYSIS/l3_vfa_pma_gui.py", line 14, in <module>
    import l3_vfa_pma_core_v3_7 as core
  File "/Users/alperenogras/Desktop/L3_SO_ANALYSIS/l3_vfa_pma_core_v3_7.py", line 2017
    return res, overlayusr/bin/env python3
                                   ^^^^^^^
SyntaxError: invalid syntax
2025-10-11 21:03:57.917 Python[9869:584650] The class 'NSOpenPanel' overrides the method identifier.  This method is implemented by class 'NSWindow'
2025-10-11 21:18:56.089 Python[9987:597026] The class 'NSOpenPanel' overrides the method identifier.  This method is implemented by class 'NSWindow'
2025-10-11 21:56:19.239 Python[10345:626507] The class 'NSOpenPanel' overrides the method identifier.  This method is implemented by class 'NSWindow'
2025-10-11 23:54:53.998 Python[11088:716866] The class 'NSOpenPanel' overrides the method identifier.  This method is implemented by class 'NSWindow'
2025-10-12 00:33:24.034 Python[11390:746676] The class 'NSOpenPanel' overrides the method identifier.  This method is implemented by class 'NSWindow'
[DEBUG] v3_7 LOADED AO-3917 /Users/alperenogras/Desktop/L3_SO_ANALYSIS/l3_vfa_pma_core_v3_7.py
[DEBUG] core file loaded: /Users/alperenogras/Desktop/L3_SO_ANALYSIS/l3_vfa_pma_core_v3_7.py
[DEBUG] v3_7 LOADED AO-3917 /Users/alperenogras/Desktop/L3_SO_ANALYSIS/l3_vfa_pma_core_v3_7.py
[DEBUG] core file loaded: /Users/alperenogras/Desktop/L3_SO_ANALYSIS/l3_vfa_pma_core_v3_7.py
[DEBUG] v3_7 LOADED AO-3917 /Users/alperenogras/Desktop/L3_SO_ANALYSIS/l3_vfa_pma_core_v3_7.py
[DEBUG] core file loaded: /Users/alperenogras/Desktop/L3_SO_ANALYSIS/l3_vfa_pma_core_v3_7.py
[DEBUG] v3_7 LOADED AO-3917 /Users/alperenogras/Desktop/L3_SO_ANALYSIS/l3_vfa_pma_core_v3_7.py
[DEBUG] core file loaded: /Users/alperenogras/Desktop/L3_SO_ANALYSIS/l3_vfa_pma_core_v3_7.py
[DEBUG] v3_7 LOADED AO-3917 /Users/alperenogras/Desktop/L3_SO_ANALYSIS/l3_vfa_pma_core_v3_7.py
[DEBUG] core file loaded: /Users/alperenogras/Desktop/L3_SO_ANALYSIS/l3_vfa_pma_core_v3_7.py
[DEBUG] v3_7 LOADED AO-3917 /Users/alperenogras/Desktop/L3_SO_ANALYSIS/l3_vfa_pma_core_v3_7.py
[DEBUG] core file loaded: /Users/alperenogras/Desktop/L3_SO_ANALYSIS/l3_vfa_pma_core_v3_7.py
[GUI] forced core load: /Users/alperenogras/Desktop/L3_SO_ANALYSIS/l3_vfa_pma_core_v3_7.py as core_live_1760218420816
[GUI] forced core load OK: /Users/alperenogras/Desktop/L3_SO_ANALYSIS/l3_vfa_pma_core_v3_7.py
[GUI] python exe: /Users/alperenogras/Desktop/L3_SO_ANALYSIS/.venv/bin/python3
2025-10-12 00:36:09.057 Python[11426:748822] The class 'NSOpenPanel' overrides the method identifier.  This method is implemented by class 'NSWindow'
[DEBUG] v3_7 LOADED AO-3917 /Users/alperenogras/Desktop/L3_SO_ANALYSIS/l3_vfa_pma_core_v3_7_CLEAN.py
[DEBUG] core file loaded: /Users/alperenogras/Desktop/L3_SO_ANALYSIS/l3_vfa_pma_core_v3_7_CLEAN.py
[DEBUG] v3_7 LOADED AO-3917 /Users/alperenogras/Desktop/L3_SO_ANALYSIS/l3_vfa_pma_core_v3_7_CLEAN.py
[DEBUG] core file loaded: /Users/alperenogras/Desktop/L3_SO_ANALYSIS/l3_vfa_pma_core_v3_7_CLEAN.py
[DEBUG] v3_7 LOADED AO-3917 /Users/alperenogras/Desktop/L3_SO_ANALYSIS/l3_vfa_pma_core_v3_7_CLEAN.py
[DEBUG] core file loaded: /Users/alperenogras/Desktop/L3_SO_ANALYSIS/l3_vfa_pma_core_v3_7_CLEAN.py
[DEBUG] v3_7 LOADED AO-3917 /Users/alperenogras/Desktop/L3_SO_ANALYSIS/l3_vfa_pma_core_v3_7_CLEAN.py
[DEBUG] core file loaded: /Users/alperenogras/Desktop/L3_SO_ANALYSIS/l3_vfa_pma_core_v3_7_CLEAN.py
[DEBUG] v3_7 LOADED AO-3917 /Users/alperenogras/Desktop/L3_SO_ANALYSIS/l3_vfa_pma_core_v3_7_CLEAN.py
[DEBUG] core file loaded: /Users/alperenogras/Desktop/L3_SO_ANALYSIS/l3_vfa_pma_core_v3_7_CLEAN.py
[DEBUG] v3_7 LOADED AO-3917 /Users/alperenogras/Desktop/L3_SO_ANALYSIS/l3_vfa_pma_core_v3_7_CLEAN.py
[DEBUG] core file loaded: /Users/alperenogras/Desktop/L3_SO_ANALYSIS/l3_vfa_pma_core_v3_7_CLEAN.py
Traceback (most recent call last):
  File "/Users/alperenogras/Desktop/L3_SO_ANALYSIS/l3_vfa_pma_gui.py", line 236, in <module>
    app = App()
          ^^^^^
  File "/Users/alperenogras/Desktop/L3_SO_ANALYSIS/l3_vfa_pma_gui.py", line 137, in __init__
    ttk.Button(rowb, text="QA paketini dışa aktar", command=self.export_now).pack(side="left", padx=8)
                                                            ^^^^^^^^^^^^^^^
  File "/Library/Frameworks/Python.framework/Versions/3.11/lib/python3.11/tkinter/__init__.py", line 2429, in __getattr__
    return getattr(self.tk, attr)
           ^^^^^^^^^^^^^^^^^^^^^^
AttributeError: '_tkinter.tkapp' object has no attribute 'export_now'
[DEBUG] v3_7 LOADED AO-3917 /Users/alperenogras/Desktop/L3_SO_ANALYSIS/l3_vfa_pma_core_v3_7_CLEAN.py
[DEBUG] core file loaded: /Users/alperenogras/Desktop/L3_SO_ANALYSIS/l3_vfa_pma_core_v3_7_CLEAN.py
[DEBUG] v3_7 LOADED AO-3917 /Users/alperenogras/Desktop/L3_SO_ANALYSIS/l3_vfa_pma_core_v3_7_CLEAN.py
[DEBUG] core file loaded: /Users/alperenogras/Desktop/L3_SO_ANALYSIS/l3_vfa_pma_core_v3_7_CLEAN.py
[DEBUG] v3_7 LOADED AO-3917 /Users/alperenogras/Desktop/L3_SO_ANALYSIS/l3_vfa_pma_core_v3_7_CLEAN.py
[DEBUG] core file loaded: /Users/alperenogras/Desktop/L3_SO_ANALYSIS/l3_vfa_pma_core_v3_7_CLEAN.py
[DEBUG] v3_7 LOADED AO-3917 /Users/alperenogras/Desktop/L3_SO_ANALYSIS/l3_vfa_pma_core_v3_7_CLEAN.py
[DEBUG] core file loaded: /Users/alperenogras/Desktop/L3_SO_ANALYSIS/l3_vfa_pma_core_v3_7_CLEAN.py
[DEBUG] v3_7 LOADED AO-3917 /Users/alperenogras/Desktop/L3_SO_ANALYSIS/l3_vfa_pma_core_v3_7_CLEAN.py
[DEBUG] core file loaded: /Users/alperenogras/Desktop/L3_SO_ANALYSIS/l3_vfa_pma_core_v3_7_CLEAN.py
[DEBUG] v3_7 LOADED AO-3917 /Users/alperenogras/Desktop/L3_SO_ANALYSIS/l3_vfa_pma_core_v3_7_CLEAN.py
[DEBUG] core file loaded: /Users/alperenogras/Desktop/L3_SO_ANALYSIS/l3_vfa_pma_core_v3_7_CLEAN.py
Traceback (most recent call last):
  File "/Users/alperenogras/Desktop/L3_SO_ANALYSIS/l3_vfa_pma_gui.py", line 236, in <module>
    app = App()
          ^^^^^
  File "/Users/alperenogras/Desktop/L3_SO_ANALYSIS/l3_vfa_pma_gui.py", line 137, in __init__
    ttk.Button(rowb, text="QA paketini dışa aktar", command=self.export_now).pack(side="left", padx=8)
                                                            ^^^^^^^^^^^^^^^
  File "/Library/Frameworks/Python.framework/Versions/3.11/lib/python3.11/tkinter/__init__.py", line 2429, in __getattr__
    return getattr(self.tk, attr)
           ^^^^^^^^^^^^^^^^^^^^^^
AttributeError: '_tkinter.tkapp' object has no attribute 'export_now'
2025-10-12 12:08:50.053 Python[14597:1018100] The class 'NSOpenPanel' overrides the method identifier.  This method is implemented by class 'NSWindow'
[DEBUG] v3_7 LOADED AO-3917 /Users/alperenogras/Desktop/L3_SO_ANALYSIS/l3_vfa_pma_core_v3_7_CLEAN.py
[DEBUG] core file loaded: /Users/alperenogras/Desktop/L3_SO_ANALYSIS/l3_vfa_pma_core_v3_7_CLEAN.py
[DEBUG] v3_7 LOADED AO-3917 /Users/alperenogras/Desktop/L3_SO_ANALYSIS/l3_vfa_pma_core_v3_7_CLEAN.py
[DEBUG] core file loaded: /Users/alperenogras/Desktop/L3_SO_ANALYSIS/l3_vfa_pma_core_v3_7_CLEAN.py
[DEBUG] v3_7 LOADED AO-3917 /Users/alperenogras/Desktop/L3_SO_ANALYSIS/l3_vfa_pma_core_v3_7_CLEAN.py
[DEBUG] core file loaded: /Users/alperenogras/Desktop/L3_SO_ANALYSIS/l3_vfa_pma_core_v3_7_CLEAN.py
[DEBUG] v3_7 LOADED AO-3917 /Users/alperenogras/Desktop/L3_SO_ANALYSIS/l3_vfa_pma_core_v3_7_CLEAN.py
[DEBUG] core file loaded: /Users/alperenogras/Desktop/L3_SO_ANALYSIS/l3_vfa_pma_core_v3_7_CLEAN.py
[DEBUG] v3_7 LOADED AO-3917 /Users/alperenogras/Desktop/L3_SO_ANALYSIS/l3_vfa_pma_core_v3_7_CLEAN.py
[DEBUG] core file loaded: /Users/alperenogras/Desktop/L3_SO_ANALYSIS/l3_vfa_pma_core_v3_7_CLEAN.py
[DEBUG] v3_7 LOADED AO-3917 /Users/alperenogras/Desktop/L3_SO_ANALYSIS/l3_vfa_pma_core_v3_7_CLEAN.py
[DEBUG] core file loaded: /Users/alperenogras/Desktop/L3_SO_ANALYSIS/l3_vfa_pma_core_v3_7_CLEAN.py
[DEBUG] v3_7 LOADED AO-3917 /Users/alperenogras/Desktop/L3_SO_ANALYSIS/l3_vfa_pma_core_v3_7_CLEAN.py
[DEBUG] core file loaded: /Users/alperenogras/Desktop/L3_SO_ANALYSIS/l3_vfa_pma_core_v3_7_CLEAN.py
[DEBUG] v3_7 LOADED AO-3917 /Users/alperenogras/Desktop/L3_SO_ANALYSIS/l3_vfa_pma_core_v3_7_CLEAN.py
[DEBUG] core file loaded: /Users/alperenogras/Desktop/L3_SO_ANALYSIS/l3_vfa_pma_core_v3_7_CLEAN.py
[DEBUG] v3_7 LOADED AO-3917 /Users/alperenogras/Desktop/L3_SO_ANALYSIS/l3_vfa_pma_core_v3_7_CLEAN.py
[DEBUG] core file loaded: /Users/alperenogras/Desktop/L3_SO_ANALYSIS/l3_vfa_pma_core_v3_7_CLEAN.py
[DEBUG] v3_7 LOADED AO-3917 /Users/alperenogras/Desktop/L3_SO_ANALYSIS/l3_vfa_pma_core_v3_7_CLEAN.py
[DEBUG] core file loaded: /Users/alperenogras/Desktop/L3_SO_ANALYSIS/l3_vfa_pma_core_v3_7_CLEAN.py
[DEBUG] v3_7 LOADED AO-3917 /Users/alperenogras/Desktop/L3_SO_ANALYSIS/l3_vfa_pma_core_v3_7_CLEAN.py
[DEBUG] core file loaded: /Users/alperenogras/Desktop/L3_SO_ANALYSIS/l3_vfa_pma_core_v3_7_CLEAN.py
[DEBUG] v3_7 LOADED AO-3917 /Users/alperenogras/Desktop/L3_SO_ANALYSIS/l3_vfa_pma_core_v3_7_CLEAN.py
[DEBUG] core file loaded: /Users/alperenogras/Desktop/L3_SO_ANALYSIS/l3_vfa_pma_core_v3_7_CLEAN.py
