Sorry: IndentationError: unexpected indent (l3_vfa_pma_gui.py, line 95)