2025-10-12 17:34:43.518 Python[56753:1305326] The class 'NSOpenPanel' overrides the method identifier.  This method is implemented by class 'NSWindow'
[CORE] BANNER: l3_vfa_pma_core_v3_7_CLEAN.py
[DEBUG] v3_7 LOADED AO-3917 /Users/alperenogras/Desktop/L3_SO_ANALYSIS/l3_vfa_pma_core_v3_7_CLEAN.py
[DEBUG] core file loaded: /Users/alperenogras/Desktop/L3_SO_ANALYSIS/l3_vfa_pma_core_v3_7_CLEAN.py
[DEBUG] v3_7 LOADED AO-3917 /Users/alperenogras/Desktop/L3_SO_ANALYSIS/l3_vfa_pma_core_v3_7_CLEAN.py
[DEBUG] core file loaded: /Users/alperenogras/Desktop/L3_SO_ANALYSIS/l3_vfa_pma_core_v3_7_CLEAN.py
[DEBUG] v3_7 LOADED AO-3917 /Users/alperenogras/Desktop/L3_SO_ANALYSIS/l3_vfa_pma_core_v3_7_CLEAN.py
[DEBUG] core file loaded: /Users/alperenogras/Desktop/L3_SO_ANALYSIS/l3_vfa_pma_core_v3_7_CLEAN.py
[DEBUG] v3_7 LOADED AO-3917 /Users/alperenogras/Desktop/L3_SO_ANALYSIS/l3_vfa_pma_core_v3_7_CLEAN.py
[DEBUG] core file loaded: /Users/alperenogras/Desktop/L3_SO_ANALYSIS/l3_vfa_pma_core_v3_7_CLEAN.py
[DEBUG] v3_7 LOADED AO-3917 /Users/alperenogras/Desktop/L3_SO_ANALYSIS/l3_vfa_pma_core_v3_7_CLEAN.py
[DEBUG] core file loaded: /Users/alperenogras/Desktop/L3_SO_ANALYSIS/l3_vfa_pma_core_v3_7_CLEAN.py
[DEBUG] v3_7 LOADED AO-3917 /Users/alperenogras/Desktop/L3_SO_ANALYSIS/l3_vfa_pma_core_v3_7_CLEAN.py
[DEBUG] core file loaded: /Users/alperenogras/Desktop/L3_SO_ANALYSIS/l3_vfa_pma_core_v3_7_CLEAN.py
[CORE] BANNER: l3_vfa_pma_core_v3_7_CLEAN.py
[DEBUG] v3_7 LOADED AO-3917 /Users/alperenogras/Desktop/L3_SO_ANALYSIS/l3_vfa_pma_core_v3_7_CLEAN.py
[DEBUG] core file loaded: /Users/alperenogras/Desktop/L3_SO_ANALYSIS/l3_vfa_pma_core_v3_7_CLEAN.py
[DEBUG] v3_7 LOADED AO-3917 /Users/alperenogras/Desktop/L3_SO_ANALYSIS/l3_vfa_pma_core_v3_7_CLEAN.py
[DEBUG] core file loaded: /Users/alperenogras/Desktop/L3_SO_ANALYSIS/l3_vfa_pma_core_v3_7_CLEAN.py
[DEBUG] v3_7 LOADED AO-3917 /Users/alperenogras/Desktop/L3_SO_ANALYSIS/l3_vfa_pma_core_v3_7_CLEAN.py
[DEBUG] core file loaded: /Users/alperenogras/Desktop/L3_SO_ANALYSIS/l3_vfa_pma_core_v3_7_CLEAN.py
[DEBUG] v3_7 LOADED AO-3917 /Users/alperenogras/Desktop/L3_SO_ANALYSIS/l3_vfa_pma_core_v3_7_CLEAN.py
[DEBUG] core file loaded: /Users/alperenogras/Desktop/L3_SO_ANALYSIS/l3_vfa_pma_core_v3_7_CLEAN.py
[DEBUG] v3_7 LOADED AO-3917 /Users/alperenogras/Desktop/L3_SO_ANALYSIS/l3_vfa_pma_core_v3_7_CLEAN.py
[DEBUG] core file loaded: /Users/alperenogras/Desktop/L3_SO_ANALYSIS/l3_vfa_pma_core_v3_7_CLEAN.py
[DEBUG] v3_7 LOADED AO-3917 /Users/alperenogras/Desktop/L3_SO_ANALYSIS/l3_vfa_pma_core_v3_7_CLEAN.py
[DEBUG] core file loaded: /Users/alperenogras/Desktop/L3_SO_ANALYSIS/l3_vfa_pma_core_v3_7_CLEAN.py
[DEBUG] core file loaded: /Users/alperenogras/Desktop/L3_SO_ANALYSIS/l3_vfa_pma_core_v3_7_CLEAN.py
Uyarı: JPEG2000 için pylibjpeg/gdcm handler gerekli olabilir.
